<html>
<body>
<pre>
<h1>µVision Build Log</h1>
<h2>Tool Versions:</h2>
IDE-Version: µVision V5.20.0.0
Copyright (C) 2016 ARM Ltd and ARM Germany GmbH. All rights reserved.
License Information: aom PC1, aom, LIC=----
 
Tool Versions:
Toolchain:       MDK-Lite  Version: 5.20
Toolchain Path:  C:\Keil_v5\ARM\ARMCC\Bin
C Compiler:      Armcc.exe V5.06 update 2 (build 183)
Assembler:       Armasm.exe V5.06 update 2 (build 183)
Linker/Locator:  ArmLink.exe V5.06 update 2 (build 183)
Library Manager: ArmAr.exe V5.06 update 2 (build 183)
Hex Converter:   FromElf.exe V5.06 update 2 (build 183)
CPU DLL:         SARMCM3.DLL V5.20
Dialog DLL:      DARMCM1.DLL V1.14.0.0
Target DLL:      PEMicro\Pemicro_ArmCortexInterface.dll V1.11
Dialog DLL:      TARMCM1.DLL V1.10.0.0
 
<h2>Project:</h2>
C:\Users\PC1\Desktop\tez-master\tez-master\Blinky.uvprojx
Project File Date:  09/14/2016

<h2>Output:</h2>
*** Using Compiler 'V5.06 update 2 (build 183)', folder: 'C:\Keil_v5\ARM\ARMCC\Bin'
Rebuild target 'CMSIS-DAP'
assembling startup_MKL25Z4.s...
compiling TIspi.c...
compiling system_MKL25Z4.c...
compiling Blinky.c...
Blinky.c(577): warning:  #167-D: argument of type "uint8_t *" is incompatible with parameter of type "char *"
  cc112xSpiWriteTxFifo(txBuffer,sizeof(txBuffer));
Blinky.c(793): warning:  #167-D: argument of type "uint8_t *" is incompatible with parameter of type "char *"
  		toto[1] = cc112xSpiWriteReg( 
C112X_IF_ADC1, &writeByte, 1); //Tempsens settings, bit 6 high
Blinky.c: 2 warnings, 0 errors
linking...
Program Size: Code=11752 RO-data=496 RW-data=60 ZI-data=500  
".\Flash\Blinky.axf" - 0 Error(s), 2 Warning(s).

<h2>Software Packages used:</h2>

Package Vendor: ARM
                http://www.keil.com/pack/ARM.CMSIS.5.0.0-Beta4.pack
                ARM::CMSIS:CORE:5.0.0
                CMSIS (Cortex Microcontroller Software Interface Standard)
   * Component: CORE Version: 5.0.0

Package Vendor: Keil
                http://www.keil.com/pack/Keil.Kinetis_KLxx_DFP.1.11.0.pack
                Keil::Device:Startup:2.5.0
                Freescale Kinetis KLxx Series Device Support and Examples
   * Component: Startup Version: 2.5.0

<h2>Collection of Component include folders:</h2>
  C:\Users\PC1\Desktop\tez-master\tez-master\RTE
  C:\Users\PC1\Desktop\tez-master\tez-master\RTE\Device\MKL25Z128xxx4
  C:\Keil_v5\ARM\PACK\ARM\CMSIS\5.0.0-Beta4\CMSIS\Include
  C:\Keil_v5\ARM\PACK\Keil\Kinetis_KLxx_DFP\1.11.0\Device\Include

<h2>Collection of Component Files used:</h2>

   * Component: ARM::CMSIS:CORE:5.0.0

   * Component: Keil::Device:Startup:2.5.0
      Source file:   Device\Source\system_MKL25Z4.c
      Source file:   Device\Source\ARM\startup_MKL25Z4.s
      Include file:  Device\Source\system_MKL25Z4.h
Build Time Elapsed:  00:00:01
</pre>
</body>
</html>
