Component: ARM Compiler 5.06 update 2 (build 183) Tool: armlink [4d35b7]

==============================================================================

Section Cross References

    blinky.o(.text) refers to blinky.o(.data) for packetSemaphore
    blinky.o(.text) refers to rt_memcpy.o(.emb_text) for __aeabi_memcpy4
    blinky.o(.text) refers to fmul.o(x$fpl$fmul) for __aeabi_fmul
    blinky.o(.text) refers to f2d.o(.text) for __aeabi_f2d
    blinky.o(.text) refers to fflti.o(.text) for __aeabi_i2f
    blinky.o(.text) refers to faddsub.o(x$fpl$frsb) for __aeabi_frsub
    blinky.o(.text) refers to pow.o(i.pow) for pow
    blinky.o(.text) refers to daddsub.o(.text) for __aeabi_dsub
    blinky.o(.text) refers to sqrt.o(i.sqrt) for sqrt
    blinky.o(.text) refers to ddiv.o(.text) for __aeabi_ddiv
    blinky.o(.text) refers to dfixi.o(.text) for __aeabi_d2iz
    blinky.o(.text) refers to dflti.o(.text) for __aeabi_ui2d
    blinky.o(.text) refers to dmul.o(.text) for __aeabi_dmul
    blinky.o(.text) refers to dfixui.o(.text) for __aeabi_d2uiz
    blinky.o(.text) refers to aeabi_sdiv.o(.text) for __aeabi_uidivmod
    blinky.o(.text) refers to blinky.o(.constdata) for preferredSettings
    blinky.o(.text) refers to system_mkl25z4.o(.data) for SystemCoreClock
    blinky.o(.text) refers to blinky.o(.bss) for UART_RX
    blinky.o(.text) refers to system_mkl25z4.o(.text) for SystemCoreClockUpdate
    blinky.o(.text) refers to blinky.o(i.__ARM_common_switch8) for __ARM_common_switch8
    startup_mkl25z4.o(STACK) refers (Special) to heapauxi.o(.text) for __use_two_region_memory
    startup_mkl25z4.o(HEAP) refers (Special) to heapauxi.o(.text) for __use_two_region_memory
    startup_mkl25z4.o(RESET) refers (Special) to heapauxi.o(.text) for __use_two_region_memory
    startup_mkl25z4.o(RESET) refers to startup_mkl25z4.o(STACK) for __initial_sp
    startup_mkl25z4.o(RESET) refers to startup_mkl25z4.o(.text) for Reset_Handler
    startup_mkl25z4.o(RESET) refers to blinky.o(.text) for SysTick_Handler
    startup_mkl25z4.o(.ARM.__at_0x400) refers (Special) to heapauxi.o(.text) for __use_two_region_memory
    startup_mkl25z4.o(.text) refers (Special) to heapauxi.o(.text) for __use_two_region_memory
    startup_mkl25z4.o(.text) refers to system_mkl25z4.o(.text) for SystemInit
    startup_mkl25z4.o(.text) refers to __main.o(!!!main) for __main
    startup_mkl25z4.o(.text) refers to startup_mkl25z4.o(HEAP) for Heap_Mem
    startup_mkl25z4.o(.text) refers to startup_mkl25z4.o(STACK) for Stack_Mem
    system_mkl25z4.o(.text) refers to aeabi_sdiv.o(.text) for __aeabi_uidivmod
    system_mkl25z4.o(.text) refers to blinky.o(i.__ARM_common_switch8) for __ARM_common_switch8
    system_mkl25z4.o(.text) refers to system_mkl25z4.o(.data) for SystemCoreClock
    rt_memcpy.o(.text) refers to rt_memcpy.o(.emb_text) for __aeabi_memcpy4
    __main.o(!!!main) refers to __rtentry.o(.ARM.Collect$$rtentry$$00000000) for __rt_entry
    daddsub.o(.text) refers (Special) to usenofp.o(x$fpl$usenofp) for __I$use$fp
    ddiv.o(.text) refers (Special) to usenofp.o(x$fpl$usenofp) for __I$use$fp
    ddiv.o(.text) refers to ddiv.o(.constdata) for .constdata
    ddiv.o(.constdata) refers (Special) to usenofp.o(x$fpl$usenofp) for __I$use$fp
    dfixi.o(.text) refers (Special) to usenofp.o(x$fpl$usenofp) for __I$use$fp
    dfixui.o(.text) refers (Special) to usenofp.o(x$fpl$usenofp) for __I$use$fp
    dflti.o(.text) refers (Special) to usenofp.o(x$fpl$usenofp) for __I$use$fp
    dmul.o(.text) refers (Special) to usenofp.o(x$fpl$usenofp) for __I$use$fp
    f2d.o(.text) refers (Special) to usenofp.o(x$fpl$usenofp) for __I$use$fp
    faddsub.o(x$fpl$fadd) refers (Special) to usenofp.o(x$fpl$usenofp) for __I$use$fp
    faddsub.o(x$fpl$fadd) refers to faddsub.o(x$fpl$fsub) for _fsub1
    faddsub.o(x$fpl$frsb) refers (Special) to usenofp.o(x$fpl$usenofp) for __I$use$fp
    faddsub.o(x$fpl$frsb) refers to faddsub.o(x$fpl$fsub) for _fsub1
    faddsub.o(x$fpl$frsb) refers to faddsub.o(x$fpl$fadd) for _fadd1
    faddsub.o(x$fpl$fsub) refers (Special) to usenofp.o(x$fpl$usenofp) for __I$use$fp
    faddsub.o(x$fpl$fsub) refers to faddsub.o(x$fpl$fadd) for _fadd1
    fflti.o(.text) refers (Special) to usenofp.o(x$fpl$usenofp) for __I$use$fp
    fmul.o(x$fpl$fmul) refers (Special) to usenofp.o(x$fpl$usenofp) for __I$use$fp
    pow.o(i.__softfp_pow) refers (Special) to usenofp.o(x$fpl$usenofp) for __I$use$fp
    pow.o(i.__softfp_pow) refers to pow.o(i.pow) for pow
    pow.o(i.pow) refers (Special) to usenofp.o(x$fpl$usenofp) for __I$use$fp
    pow.o(i.pow) refers to dunder.o(i.__mathlib_dbl_infnan2) for __mathlib_dbl_infnan2
    pow.o(i.pow) refers to _rserrno.o(.text) for __set_errno
    pow.o(i.pow) refers to dunder.o(i.__mathlib_dbl_divzero) for __mathlib_dbl_divzero
    pow.o(i.pow) refers to ddiv.o(.text) for __aeabi_ddiv
    pow.o(i.pow) refers to sqrt.o(i.sqrt) for sqrt
    pow.o(i.pow) refers to dflti.o(.text) for __aeabi_i2d
    pow.o(i.pow) refers to dunder.o(i.__mathlib_dbl_invalid) for __mathlib_dbl_invalid
    pow.o(i.pow) refers to dunder.o(i.__mathlib_dbl_overflow) for __mathlib_dbl_overflow
    pow.o(i.pow) refers to dmul.o(.text) for __aeabi_dmul
    pow.o(i.pow) refers to dunder.o(i.__mathlib_dbl_underflow) for __mathlib_dbl_underflow
    pow.o(i.pow) refers to daddsub.o(.text) for __aeabi_dsub
    pow.o(i.pow) refers to dscalbn.o(.text) for __ARM_scalbn
    pow.o(i.pow) refers to qnan.o(.constdata) for __mathlib_zero
    pow.o(i.pow) refers to poly.o(i.__kernel_poly) for __kernel_poly
    pow.o(i.pow) refers to drlef.o(x$fpl$drleqf) for __aeabi_cdrcmple
    pow.o(i.pow) refers to pow.o(.constdata) for .constdata
    pow.o(i.pow) refers to fpclassify.o(i.__ARM_fpclassify) for __ARM_fpclassify
    pow.o(.constdata) refers (Special) to usenofp.o(x$fpl$usenofp) for __I$use$fp
    pow_x.o(i.____softfp_pow$lsc) refers (Special) to usenofp.o(x$fpl$usenofp) for __I$use$fp
    pow_x.o(i.____softfp_pow$lsc) refers to pow_x.o(i.__pow$lsc) for __pow$lsc
    pow_x.o(i.__pow$lsc) refers (Special) to usenofp.o(x$fpl$usenofp) for __I$use$fp
    pow_x.o(i.__pow$lsc) refers to dunder.o(i.__mathlib_dbl_infnan2) for __mathlib_dbl_infnan2
    pow_x.o(i.__pow$lsc) refers to _rserrno.o(.text) for __set_errno
    pow_x.o(i.__pow$lsc) refers to ddiv.o(.text) for __aeabi_ddiv
    pow_x.o(i.__pow$lsc) refers to sqrt.o(i.sqrt) for sqrt
    pow_x.o(i.__pow$lsc) refers to dflti.o(.text) for __aeabi_i2d
    pow_x.o(i.__pow$lsc) refers to dmul.o(.text) for __aeabi_dmul
    pow_x.o(i.__pow$lsc) refers to daddsub.o(.text) for __aeabi_dsub
    pow_x.o(i.__pow$lsc) refers to dscalbn.o(.text) for __ARM_scalbn
    pow_x.o(i.__pow$lsc) refers to qnan.o(.constdata) for __mathlib_zero
    pow_x.o(i.__pow$lsc) refers to poly.o(i.__kernel_poly) for __kernel_poly
    pow_x.o(i.__pow$lsc) refers to drlef.o(x$fpl$drleqf) for __aeabi_cdrcmple
    pow_x.o(i.__pow$lsc) refers to pow_x.o(.constdata) for .constdata
    pow_x.o(.constdata) refers (Special) to usenofp.o(x$fpl$usenofp) for __I$use$fp
    sqrt.o(i.__softfp_sqrt) refers (Special) to usenofp.o(x$fpl$usenofp) for __I$use$fp
    sqrt.o(i.__softfp_sqrt) refers to dsqrt.o(.text) for _dsqrt
    sqrt.o(i.__softfp_sqrt) refers to _rserrno.o(.text) for __set_errno
    sqrt.o(i.sqrt) refers (Special) to usenofp.o(x$fpl$usenofp) for __I$use$fp
    sqrt.o(i.sqrt) refers to dsqrt.o(.text) for _dsqrt
    sqrt.o(i.sqrt) refers to _rserrno.o(.text) for __set_errno
    sqrt_x.o(i.____softfp_sqrt$lsc) refers (Special) to usenofp.o(x$fpl$usenofp) for __I$use$fp
    sqrt_x.o(i.____softfp_sqrt$lsc) refers to dlef.o(x$fpl$dleqf) for __aeabi_cdcmple
    sqrt_x.o(i.____softfp_sqrt$lsc) refers to _rserrno.o(.text) for __set_errno
    sqrt_x.o(i.____softfp_sqrt$lsc) refers to dsqrt.o(.text) for _dsqrt
    sqrt_x.o(i.__sqrt$lsc) refers (Special) to usenofp.o(x$fpl$usenofp) for __I$use$fp
    sqrt_x.o(i.__sqrt$lsc) refers to dlef.o(x$fpl$dleqf) for __aeabi_cdcmple
    sqrt_x.o(i.__sqrt$lsc) refers to _rserrno.o(.text) for __set_errno
    sqrt_x.o(i.__sqrt$lsc) refers to dsqrt.o(.text) for _dsqrt
    __rtentry.o(.ARM.Collect$$rtentry$$00000000) refers (Special) to __rtentry2.o(.ARM.Collect$$rtentry$$0000000A) for __rt_entry_li
    __rtentry.o(.ARM.Collect$$rtentry$$00000000) refers (Special) to __rtentry2.o(.ARM.Collect$$rtentry$$0000000D) for __rt_entry_main
    __rtentry.o(.ARM.Collect$$rtentry$$00000000) refers (Special) to __rtentry2.o(.ARM.Collect$$rtentry$$0000000C) for __rt_entry_postli_1
    __rtentry.o(.ARM.Collect$$rtentry$$00000000) refers (Special) to __rtentry2.o(.ARM.Collect$$rtentry$$00000009) for __rt_entry_postsh_1
    __rtentry.o(.ARM.Collect$$rtentry$$00000000) refers (Special) to __rtentry2.o(.ARM.Collect$$rtentry$$00000002) for __rt_entry_presh_1
    __rtentry.o(.ARM.Collect$$rtentry$$00000000) refers (Special) to __rtentry4.o(.ARM.Collect$$rtentry$$00000004) for __rt_entry_sh
    aeabi_idiv0_sigfpe.o(.text) refers to rt_div0.o(.text) for __rt_div0
    _rserrno.o(.text) refers to rt_errno_addr_intlibspace.o(.text) for __aeabi_errno_addr
    dlef.o(x$fpl$dleqf) refers (Special) to usenofp.o(x$fpl$usenofp) for __I$use$fp
    dlef.o(x$fpl$dleqf) refers to dcmpin.o(.text) for __fpl_dcmp_InfNaN
    drlef.o(x$fpl$drleqf) refers (Special) to usenofp.o(x$fpl$usenofp) for __I$use$fp
    drlef.o(x$fpl$drleqf) refers to dcmpin.o(.text) for __fpl_dcmp_InfNaN
    dscalbn.o(.text) refers (Special) to usenofp.o(x$fpl$usenofp) for __I$use$fp
    dsqrt.o(.text) refers (Special) to usenofp.o(x$fpl$usenofp) for __I$use$fp
    dunder.o(i.__mathlib_dbl_divzero) refers to ddiv.o(.text) for __aeabi_ddiv
    dunder.o(i.__mathlib_dbl_infnan) refers to dscalbn.o(.text) for __ARM_scalbn
    dunder.o(i.__mathlib_dbl_infnan2) refers to daddsub.o(.text) for __aeabi_dadd
    dunder.o(i.__mathlib_dbl_invalid) refers to ddiv.o(.text) for __aeabi_ddiv
    dunder.o(i.__mathlib_dbl_overflow) refers to dscalbn.o(.text) for __ARM_scalbn
    dunder.o(i.__mathlib_dbl_posinfnan) refers to dmul.o(.text) for __aeabi_dmul
    dunder.o(i.__mathlib_dbl_underflow) refers to dscalbn.o(.text) for __ARM_scalbn
    fpclassify.o(i.__ARM_fpclassify) refers (Special) to usenofp.o(x$fpl$usenofp) for __I$use$fp
    poly.o(i.__kernel_poly) refers (Special) to usenofp.o(x$fpl$usenofp) for __I$use$fp
    poly.o(i.__kernel_poly) refers to dmul.o(.text) for __aeabi_dmul
    poly.o(i.__kernel_poly) refers to daddsub.o(.text) for __aeabi_dadd
    qnan.o(.constdata) refers (Special) to usenofp.o(x$fpl$usenofp) for __I$use$fp
    __rtentry2.o(.ARM.Collect$$rtentry$$00000008) refers to boardinit2.o(.text) for _platform_post_stackheap_init
    __rtentry2.o(.ARM.Collect$$rtentry$$0000000A) refers to libinit.o(.ARM.Collect$$libinit$$00000000) for __rt_lib_init
    __rtentry2.o(.ARM.Collect$$rtentry$$0000000B) refers to boardinit3.o(.text) for _platform_post_lib_init
    __rtentry2.o(.ARM.Collect$$rtentry$$0000000D) refers to blinky.o(.text) for main
    __rtentry2.o(.ARM.Collect$$rtentry$$0000000D) refers to exit.o(.text) for exit
    __rtentry2.o(.ARM.exidx) refers to __rtentry2.o(.ARM.Collect$$rtentry$$00000001) for .ARM.Collect$$rtentry$$00000001
    __rtentry2.o(.ARM.exidx) refers to __rtentry2.o(.ARM.Collect$$rtentry$$00000008) for .ARM.Collect$$rtentry$$00000008
    __rtentry2.o(.ARM.exidx) refers to __rtentry2.o(.ARM.Collect$$rtentry$$0000000A) for .ARM.Collect$$rtentry$$0000000A
    __rtentry2.o(.ARM.exidx) refers to __rtentry2.o(.ARM.Collect$$rtentry$$0000000B) for .ARM.Collect$$rtentry$$0000000B
    __rtentry2.o(.ARM.exidx) refers to __rtentry2.o(.ARM.Collect$$rtentry$$0000000D) for .ARM.Collect$$rtentry$$0000000D
    __rtentry4.o(.ARM.Collect$$rtentry$$00000004) refers to sys_stackheap_outer.o(.text) for __user_setup_stackheap
    __rtentry4.o(.ARM.exidx) refers to __rtentry4.o(.ARM.Collect$$rtentry$$00000004) for .ARM.Collect$$rtentry$$00000004
    rt_div0.o(.text) refers to defsig_fpe_outer.o(.text) for __rt_SIGFPE
    rt_errno_addr.o(.text) refers to rt_errno_addr.o(.bss) for __aeabi_errno_addr_data
    rt_errno_addr_intlibspace.o(.text) refers to libspace.o(.bss) for __libspace_start
    dcmpin.o(.text) refers (Special) to usenofp.o(x$fpl$usenofp) for __I$use$fp
    dcmpin.o(.text) refers to cmpret.o(.text) for __fpl_cmpreturn
    dcmpin.o(.text) refers to dnan2.o(.text) for __fpl_dcheck_NaN2
    libspace.o(.text) refers to libspace.o(.bss) for __libspace_start
    sys_stackheap_outer.o(.text) refers to libspace.o(.text) for __user_perproc_libspace
    sys_stackheap_outer.o(.text) refers to startup_mkl25z4.o(.text) for __user_initial_stackheap
    sys_stackheap_outer.o(__vectab_stack_and_reset_area) refers to tempstk.o(.text) for __temporary_stack_top
    sys_stackheap_outer.o(__vectab_stack_and_reset_area) refers to __main.o(!!!main) for __main
    exit.o(.text) refers to rtexit.o(.ARM.Collect$$rtexit$$00000000) for __rt_exit
    defsig_fpe_outer.o(.text) refers to defsig_fpe_inner.o(.text) for __rt_SIGFPE_inner
    defsig_fpe_outer.o(.text) refers to defsig_exit.o(.text) for __sig_exit
    defsig_fpe_formal.o(.text) refers to rt_raise.o(.text) for __rt_raise
    libinit.o(.ARM.Collect$$libinit$$00000000) refers (Special) to libinit2.o(.ARM.Collect$$libinit$$0000002E) for __rt_lib_init_alloca_1
    libinit.o(.ARM.Collect$$libinit$$00000000) refers (Special) to libinit2.o(.ARM.Collect$$libinit$$0000002C) for __rt_lib_init_argv_1
    libinit.o(.ARM.Collect$$libinit$$00000000) refers (Special) to libinit2.o(.ARM.Collect$$libinit$$0000001B) for __rt_lib_init_atexit_1
    libinit.o(.ARM.Collect$$libinit$$00000000) refers (Special) to libinit2.o(.ARM.Collect$$libinit$$00000021) for __rt_lib_init_clock_1
    libinit.o(.ARM.Collect$$libinit$$00000000) refers (Special) to libinit2.o(.ARM.Collect$$libinit$$00000032) for __rt_lib_init_cpp_1
    libinit.o(.ARM.Collect$$libinit$$00000000) refers (Special) to libinit2.o(.ARM.Collect$$libinit$$00000030) for __rt_lib_init_exceptions_1
    libinit.o(.ARM.Collect$$libinit$$00000000) refers (Special) to libinit2.o(.ARM.Collect$$libinit$$00000002) for __rt_lib_init_fp_1
    libinit.o(.ARM.Collect$$libinit$$00000000) refers (Special) to libinit2.o(.ARM.Collect$$libinit$$0000001F) for __rt_lib_init_fp_trap_1
    libinit.o(.ARM.Collect$$libinit$$00000000) refers (Special) to libinit2.o(.ARM.Collect$$libinit$$00000023) for __rt_lib_init_getenv_1
    libinit.o(.ARM.Collect$$libinit$$00000000) refers (Special) to libinit2.o(.ARM.Collect$$libinit$$0000000A) for __rt_lib_init_heap_1
    libinit.o(.ARM.Collect$$libinit$$00000000) refers (Special) to libinit2.o(.ARM.Collect$$libinit$$00000011) for __rt_lib_init_lc_collate_1
    libinit.o(.ARM.Collect$$libinit$$00000000) refers (Special) to libinit2.o(.ARM.Collect$$libinit$$00000013) for __rt_lib_init_lc_ctype_1
    libinit.o(.ARM.Collect$$libinit$$00000000) refers (Special) to libinit2.o(.ARM.Collect$$libinit$$00000015) for __rt_lib_init_lc_monetary_1
    libinit.o(.ARM.Collect$$libinit$$00000000) refers (Special) to libinit2.o(.ARM.Collect$$libinit$$00000017) for __rt_lib_init_lc_numeric_1
    libinit.o(.ARM.Collect$$libinit$$00000000) refers (Special) to libinit2.o(.ARM.Collect$$libinit$$00000019) for __rt_lib_init_lc_time_1
    libinit.o(.ARM.Collect$$libinit$$00000000) refers (Special) to libinit2.o(.ARM.Collect$$libinit$$00000004) for __rt_lib_init_preinit_1
    libinit.o(.ARM.Collect$$libinit$$00000000) refers (Special) to libinit2.o(.ARM.Collect$$libinit$$0000000E) for __rt_lib_init_rand_1
    libinit.o(.ARM.Collect$$libinit$$00000000) refers (Special) to libinit2.o(.ARM.Collect$$libinit$$00000033) for __rt_lib_init_return
    libinit.o(.ARM.Collect$$libinit$$00000000) refers (Special) to libinit2.o(.ARM.Collect$$libinit$$0000001D) for __rt_lib_init_signal_1
    libinit.o(.ARM.Collect$$libinit$$00000000) refers (Special) to libinit2.o(.ARM.Collect$$libinit$$00000025) for __rt_lib_init_stdio_1
    libinit.o(.ARM.Collect$$libinit$$00000000) refers (Special) to libinit2.o(.ARM.Collect$$libinit$$0000000C) for __rt_lib_init_user_alloc_1
    cmpret.o(.text) refers (Special) to usenofp.o(x$fpl$usenofp) for __I$use$fp
    dnan2.o(.text) refers (Special) to usenofp.o(x$fpl$usenofp) for __I$use$fp
    dnan2.o(.text) refers to retnan.o(.text) for __fpl_return_NaN
    rtexit.o(.ARM.Collect$$rtexit$$00000000) refers (Special) to rtexit2.o(.ARM.Collect$$rtexit$$00000004) for __rt_exit_exit
    rtexit.o(.ARM.Collect$$rtexit$$00000000) refers (Special) to rtexit2.o(.ARM.Collect$$rtexit$$00000003) for __rt_exit_ls
    rtexit.o(.ARM.Collect$$rtexit$$00000000) refers (Special) to rtexit2.o(.ARM.Collect$$rtexit$$00000002) for __rt_exit_prels_1
    rtexit.o(.ARM.exidx) refers (Special) to rtexit2.o(.ARM.Collect$$rtexit$$00000004) for __rt_exit_exit
    rtexit.o(.ARM.exidx) refers (Special) to rtexit2.o(.ARM.Collect$$rtexit$$00000003) for __rt_exit_ls
    rtexit.o(.ARM.exidx) refers (Special) to rtexit2.o(.ARM.Collect$$rtexit$$00000002) for __rt_exit_prels_1
    rtexit.o(.ARM.exidx) refers to rtexit.o(.ARM.Collect$$rtexit$$00000000) for .ARM.Collect$$rtexit$$00000000
    rt_raise.o(.text) refers to __raise.o(.text) for __raise
    rt_raise.o(.text) refers to sys_exit.o(.text) for _sys_exit
    defsig_exit.o(.text) refers to sys_exit.o(.text) for _sys_exit
    defsig_fpe_inner.o(.text) refers to defsig_general.o(.text) for __default_signal_display
    libinit2.o(.ARM.Collect$$libinit$$00000010) refers to libinit2.o(.ARM.Collect$$libinit$$0000000F) for .ARM.Collect$$libinit$$0000000F
    libinit2.o(.ARM.Collect$$libinit$$00000012) refers to libinit2.o(.ARM.Collect$$libinit$$0000000F) for .ARM.Collect$$libinit$$0000000F
    libinit2.o(.ARM.Collect$$libinit$$00000014) refers to libinit2.o(.ARM.Collect$$libinit$$0000000F) for .ARM.Collect$$libinit$$0000000F
    libinit2.o(.ARM.Collect$$libinit$$00000016) refers to libinit2.o(.ARM.Collect$$libinit$$0000000F) for .ARM.Collect$$libinit$$0000000F
    libinit2.o(.ARM.Collect$$libinit$$00000018) refers to libinit2.o(.ARM.Collect$$libinit$$0000000F) for .ARM.Collect$$libinit$$0000000F
    libinit2.o(.ARM.Collect$$libinit$$00000026) refers to argv_veneer.o(.text) for __ARM_argv_veneer
    libinit2.o(.ARM.Collect$$libinit$$00000027) refers to argv_veneer.o(.text) for __ARM_argv_veneer
    retnan.o(.text) refers (Special) to usenofp.o(x$fpl$usenofp) for __I$use$fp
    retnan.o(.text) refers to cmpret.o(.text) for __fpl_cmpreturn
    sys_exit.o(.text) refers (Special) to use_no_semi.o(.text) for __I$use$semihosting
    sys_exit.o(.text) refers (Special) to indicate_semi.o(.text) for __semihosting_library_function
    rtexit2.o(.ARM.Collect$$rtexit$$00000003) refers to libshutdown.o(.ARM.Collect$$libshutdown$$00000000) for __rt_lib_shutdown
    rtexit2.o(.ARM.Collect$$rtexit$$00000004) refers to sys_exit.o(.text) for _sys_exit
    rtexit2.o(.ARM.exidx) refers to rtexit2.o(.ARM.Collect$$rtexit$$00000001) for .ARM.Collect$$rtexit$$00000001
    rtexit2.o(.ARM.exidx) refers to rtexit2.o(.ARM.Collect$$rtexit$$00000003) for .ARM.Collect$$rtexit$$00000003
    rtexit2.o(.ARM.exidx) refers to rtexit2.o(.ARM.Collect$$rtexit$$00000004) for .ARM.Collect$$rtexit$$00000004
    __raise.o(.text) refers to defsig.o(CL$$defsig) for __default_signal_handler
    defsig_general.o(.text) refers to sys_wrch.o(.text) for _ttywrch
    sys_wrch.o(.text) refers (Special) to use_no_semi.o(.text) for __I$use$semihosting
    sys_wrch.o(.text) refers (Special) to indicate_semi.o(.text) for __semihosting_library_function
    defsig.o(CL$$defsig) refers to defsig_fpe_inner.o(.text) for __rt_SIGFPE_inner
    defsig.o(CL$$defsig) refers to defsig_rtmem_inner.o(.text) for __rt_SIGRTMEM_inner
    _get_argv_nomalloc.o(.text) refers (Special) to hrguard.o(.text) for __heap_region$guard
    _get_argv_nomalloc.o(.text) refers to defsig_rtmem_outer.o(.text) for __rt_SIGRTMEM
    _get_argv_nomalloc.o(.text) refers to sys_command.o(.text) for _sys_command_string
    libshutdown.o(.ARM.Collect$$libshutdown$$00000000) refers (Special) to libshutdown2.o(.ARM.Collect$$libshutdown$$00000002) for __rt_lib_shutdown_cpp_1
    libshutdown.o(.ARM.Collect$$libshutdown$$00000000) refers (Special) to libshutdown2.o(.ARM.Collect$$libshutdown$$00000007) for __rt_lib_shutdown_fp_trap_1
    libshutdown.o(.ARM.Collect$$libshutdown$$00000000) refers (Special) to libshutdown2.o(.ARM.Collect$$libshutdown$$0000000F) for __rt_lib_shutdown_heap_1
    libshutdown.o(.ARM.Collect$$libshutdown$$00000000) refers (Special) to libshutdown2.o(.ARM.Collect$$libshutdown$$00000010) for __rt_lib_shutdown_return
    libshutdown.o(.ARM.Collect$$libshutdown$$00000000) refers (Special) to libshutdown2.o(.ARM.Collect$$libshutdown$$0000000A) for __rt_lib_shutdown_signal_1
    libshutdown.o(.ARM.Collect$$libshutdown$$00000000) refers (Special) to libshutdown2.o(.ARM.Collect$$libshutdown$$00000004) for __rt_lib_shutdown_stdio_1
    libshutdown.o(.ARM.Collect$$libshutdown$$00000000) refers (Special) to libshutdown2.o(.ARM.Collect$$libshutdown$$0000000C) for __rt_lib_shutdown_user_alloc_1
    sys_command.o(.text) refers (Special) to use_no_semi.o(.text) for __I$use$semihosting
    sys_command.o(.text) refers (Special) to indicate_semi.o(.text) for __semihosting_library_function
    defsig_abrt_inner.o(.text) refers to defsig_general.o(.text) for __default_signal_display
    defsig_rtred_inner.o(.text) refers to defsig_general.o(.text) for __default_signal_display
    defsig_rtmem_inner.o(.text) refers to defsig_general.o(.text) for __default_signal_display
    defsig_rtmem_outer.o(.text) refers to defsig_rtmem_inner.o(.text) for __rt_SIGRTMEM_inner
    defsig_rtmem_outer.o(.text) refers to defsig_exit.o(.text) for __sig_exit
    defsig_rtmem_formal.o(.text) refers to rt_raise.o(.text) for __rt_raise
    defsig_stak_inner.o(.text) refers to defsig_general.o(.text) for __default_signal_display
    defsig_pvfn_inner.o(.text) refers to defsig_general.o(.text) for __default_signal_display
    defsig_cppl_inner.o(.text) refers to defsig_general.o(.text) for __default_signal_display
    defsig_segv_inner.o(.text) refers to defsig_general.o(.text) for __default_signal_display
    defsig_other.o(.text) refers to defsig_general.o(.text) for __default_signal_display


==============================================================================

Removing Unused input sections from the image.

    Removing blinky.o(.rev16_text), (4 bytes).
    Removing blinky.o(.revsh_text), (4 bytes).
    Removing kl25.o(.rev16_text), (4 bytes).
    Removing kl25.o(.revsh_text), (4 bytes).
    Removing system_mkl25z4.o(.rev16_text), (4 bytes).
    Removing system_mkl25z4.o(.revsh_text), (4 bytes).

6 unused section(s) (total 24 bytes) removed from the image.

==============================================================================

Image Symbol Table

    Local Symbols

    Symbol Name                              Value     Ov Type        Size  Object(Section)

    RESET                                    0x00000000   Section      192  startup_mkl25z4.o(RESET)
    ../clib/angel/boardlib.s                 0x00000000   Number         0  boardinit1.o ABSOLUTE
    ../clib/angel/boardlib.s                 0x00000000   Number         0  boardinit2.o ABSOLUTE
    ../clib/angel/boardlib.s                 0x00000000   Number         0  boardinit3.o ABSOLUTE
    ../clib/angel/boardlib.s                 0x00000000   Number         0  boardshut.o ABSOLUTE
    ../clib/angel/handlers.s                 0x00000000   Number         0  __scatter_zi.o ABSOLUTE
    ../clib/angel/handlers.s                 0x00000000   Number         0  __scatter_copy.o ABSOLUTE
    ../clib/angel/kernel.s                   0x00000000   Number         0  rtexit2.o ABSOLUTE
    ../clib/angel/kernel.s                   0x00000000   Number         0  __rtentry.o ABSOLUTE
    ../clib/angel/kernel.s                   0x00000000   Number         0  __rtentry4.o ABSOLUTE
    ../clib/angel/kernel.s                   0x00000000   Number         0  __rtentry2.o ABSOLUTE
    ../clib/angel/kernel.s                   0x00000000   Number         0  rtexit.o ABSOLUTE
    ../clib/angel/rt.s                       0x00000000   Number         0  aeabi_idiv0_sigfpe.o ABSOLUTE
    ../clib/angel/rt.s                       0x00000000   Number         0  rt_errno_addr_intlibspace.o ABSOLUTE
    ../clib/angel/rt.s                       0x00000000   Number         0  rt_div0.o ABSOLUTE
    ../clib/angel/rt.s                       0x00000000   Number         0  aeabi_idiv0.o ABSOLUTE
    ../clib/angel/rt.s                       0x00000000   Number         0  rt_errno_addr.o ABSOLUTE
    ../clib/angel/rt.s                       0x00000000   Number         0  rt_raise.o ABSOLUTE
    ../clib/angel/scatterp.s                 0x00000000   Number         0  __scatter.o ABSOLUTE
    ../clib/angel/startup.s                  0x00000000   Number         0  __main.o ABSOLUTE
    ../clib/angel/sys.s                      0x00000000   Number         0  sys_stackheap_outer.o ABSOLUTE
    ../clib/angel/sys.s                      0x00000000   Number         0  tempstk.o ABSOLUTE
    ../clib/angel/sys.s                      0x00000000   Number         0  use_no_semi.o ABSOLUTE
    ../clib/angel/sys.s                      0x00000000   Number         0  indicate_semi.o ABSOLUTE
    ../clib/angel/sys.s                      0x00000000   Number         0  libspace.o ABSOLUTE
    ../clib/angel/sysapp.c                   0x00000000   Number         0  sys_command.o ABSOLUTE
    ../clib/angel/sysapp.c                   0x00000000   Number         0  sys_exit.o ABSOLUTE
    ../clib/angel/sysapp.c                   0x00000000   Number         0  sys_wrch.o ABSOLUTE
    ../clib/armsys.c                         0x00000000   Number         0  argv_veneer.o ABSOLUTE
    ../clib/armsys.c                         0x00000000   Number         0  no_argv.o ABSOLUTE
    ../clib/armsys.c                         0x00000000   Number         0  _get_argv_nomalloc.o ABSOLUTE
    ../clib/division.s                       0x00000000   Number         0  aeabi_sdiv_div0.o ABSOLUTE
    ../clib/division.s                       0x00000000   Number         0  aeabi_sdiv.o ABSOLUTE
    ../clib/fenv.c                           0x00000000   Number         0  _rserrno.o ABSOLUTE
    ../clib/heapalloc.c                      0x00000000   Number         0  hrguard.o ABSOLUTE
    ../clib/heapaux.c                        0x00000000   Number         0  heapauxi.o ABSOLUTE
    ../clib/libinit.s                        0x00000000   Number         0  libinit2.o ABSOLUTE
    ../clib/libinit.s                        0x00000000   Number         0  libshutdown.o ABSOLUTE
    ../clib/libinit.s                        0x00000000   Number         0  libinit.o ABSOLUTE
    ../clib/libinit.s                        0x00000000   Number         0  libshutdown2.o ABSOLUTE
    ../clib/memcpset.c                       0x00000000   Number         0  rt_memcpy.o ABSOLUTE
    ../clib/memcpset.c                       0x00000000   Number         0  rt_memcpy.o ABSOLUTE
    ../clib/signal.c                         0x00000000   Number         0  defsig_other.o ABSOLUTE
    ../clib/signal.c                         0x00000000   Number         0  defsig_cppl_inner.o ABSOLUTE
    ../clib/signal.c                         0x00000000   Number         0  defsig_pvfn_inner.o ABSOLUTE
    ../clib/signal.c                         0x00000000   Number         0  defsig_stak_inner.o ABSOLUTE
    ../clib/signal.c                         0x00000000   Number         0  defsig_rtmem_formal.o ABSOLUTE
    ../clib/signal.c                         0x00000000   Number         0  defsig_rtmem_outer.o ABSOLUTE
    ../clib/signal.c                         0x00000000   Number         0  defsig_rtmem_inner.o ABSOLUTE
    ../clib/signal.c                         0x00000000   Number         0  defsig_rtred_inner.o ABSOLUTE
    ../clib/signal.c                         0x00000000   Number         0  defsig_abrt_inner.o ABSOLUTE
    ../clib/signal.c                         0x00000000   Number         0  defsig_general.o ABSOLUTE
    ../clib/signal.c                         0x00000000   Number         0  __raise.o ABSOLUTE
    ../clib/signal.c                         0x00000000   Number         0  defsig_fpe_inner.o ABSOLUTE
    ../clib/signal.c                         0x00000000   Number         0  defsig_exit.o ABSOLUTE
    ../clib/signal.c                         0x00000000   Number         0  defsig_fpe_formal.o ABSOLUTE
    ../clib/signal.c                         0x00000000   Number         0  defsig_fpe_outer.o ABSOLUTE
    ../clib/signal.c                         0x00000000   Number         0  defsig_segv_inner.o ABSOLUTE
    ../clib/signal.s                         0x00000000   Number         0  defsig.o ABSOLUTE
    ../clib/stdlib.c                         0x00000000   Number         0  exit.o ABSOLUTE
    ../fplib/cfplib/cmpret.c                 0x00000000   Number         0  cmpret.o ABSOLUTE
    ../fplib/cfplib/daddsub.c                0x00000000   Number         0  daddsub.o ABSOLUTE
    ../fplib/cfplib/dcmpin.c                 0x00000000   Number         0  dcmpin.o ABSOLUTE
    ../fplib/cfplib/ddiv.c                   0x00000000   Number         0  ddiv.o ABSOLUTE
    ../fplib/cfplib/dmul.c                   0x00000000   Number         0  dmul.o ABSOLUTE
    ../fplib/cfplib/dsqrt.c                  0x00000000   Number         0  dsqrt.o ABSOLUTE
    ../fplib/cfplib/f2d.c                    0x00000000   Number         0  f2d.o ABSOLUTE
    ../fplib/cfplib/ffix.c                   0x00000000   Number         0  dfixui.o ABSOLUTE
    ../fplib/cfplib/ffix.c                   0x00000000   Number         0  dfixi.o ABSOLUTE
    ../fplib/cfplib/fflt.c                   0x00000000   Number         0  dflti.o ABSOLUTE
    ../fplib/cfplib/fflt.c                   0x00000000   Number         0  fflti.o ABSOLUTE
    ../fplib/cfplib/fpinit.c                 0x00000000   Number         0  fpinit.o ABSOLUTE
    ../fplib/cfplib/nan2.c                   0x00000000   Number         0  dnan2.o ABSOLUTE
    ../fplib/cfplib/retnan.c                 0x00000000   Number         0  retnan.o ABSOLUTE
    ../fplib/cfplib/scalbn.c                 0x00000000   Number         0  dscalbn.o ABSOLUTE
    ../fplib/dleqf6m.s                       0x00000000   Number         0  dlef.o ABSOLUTE
    ../fplib/drleqf6m.s                      0x00000000   Number         0  drlef.o ABSOLUTE
    ../fplib/faddsub6m.s                     0x00000000   Number         0  faddsub.o ABSOLUTE
    ../fplib/fmul6m.s                        0x00000000   Number         0  fmul.o ABSOLUTE
    ../fplib/usenofp.s                       0x00000000   Number         0  usenofp.o ABSOLUTE
    ../mathlib/dunder.c                      0x00000000   Number         0  dunder.o ABSOLUTE
    ../mathlib/fpclassify.c                  0x00000000   Number         0  fpclassify.o ABSOLUTE
    ../mathlib/poly.c                        0x00000000   Number         0  poly.o ABSOLUTE
    ../mathlib/pow.c                         0x00000000   Number         0  pow_x.o ABSOLUTE
    ../mathlib/pow.c                         0x00000000   Number         0  pow.o ABSOLUTE
    ../mathlib/qnan.c                        0x00000000   Number         0  qnan.o ABSOLUTE
    ../mathlib/sqrt.c                        0x00000000   Number         0  sqrt_x.o ABSOLUTE
    ../mathlib/sqrt.c                        0x00000000   Number         0  sqrt.o ABSOLUTE
    Application.c                            0x00000000   Number         0  application.o ABSOLUTE
    Blinky.c                                 0x00000000   Number         0  blinky.o ABSOLUTE
    Blinky.c                                 0x00000000   Number         0  blinky.o ABSOLUTE
    KL25.c                                   0x00000000   Number         0  kl25.o ABSOLUTE
    KL25.c                                   0x00000000   Number         0  kl25.o ABSOLUTE
    RTE\Device\MKL25Z128xxx4\startup_MKL25Z4.s 0x00000000   Number         0  startup_mkl25z4.o ABSOLUTE
    RTE\Device\MKL25Z128xxx4\system_MKL25Z4.c 0x00000000   Number         0  system_mkl25z4.o ABSOLUTE
    RTE\\Device\\MKL25Z128xxx4\\system_MKL25Z4.c 0x00000000   Number         0  system_mkl25z4.o ABSOLUTE
    TIspi.c                                  0x00000000   Number         0  tispi.o ABSOLUTE
    dc.s                                     0x00000000   Number         0  dc.o ABSOLUTE
    !!!main                                  0x000000c0   Section        8  __main.o(!!!main)
    !!!scatter                               0x000000c8   Section       60  __scatter.o(!!!scatter)
    !!handler_copy                           0x00000104   Section       26  __scatter_copy.o(!!handler_copy)
    !!handler_zi                             0x00000120   Section       28  __scatter_zi.o(!!handler_zi)
    .ARM.Collect$$libinit$$00000000          0x0000013c   Section        2  libinit.o(.ARM.Collect$$libinit$$00000000)
    .ARM.Collect$$libinit$$00000002          0x0000013e   Section        0  libinit2.o(.ARM.Collect$$libinit$$00000002)
    .ARM.Collect$$libinit$$00000004          0x0000013e   Section        0  libinit2.o(.ARM.Collect$$libinit$$00000004)
    .ARM.Collect$$libinit$$0000000A          0x0000013e   Section        0  libinit2.o(.ARM.Collect$$libinit$$0000000A)
    .ARM.Collect$$libinit$$0000000C          0x0000013e   Section        0  libinit2.o(.ARM.Collect$$libinit$$0000000C)
    .ARM.Collect$$libinit$$0000000E          0x0000013e   Section        0  libinit2.o(.ARM.Collect$$libinit$$0000000E)
    .ARM.Collect$$libinit$$00000011          0x0000013e   Section        0  libinit2.o(.ARM.Collect$$libinit$$00000011)
    .ARM.Collect$$libinit$$00000013          0x0000013e   Section        0  libinit2.o(.ARM.Collect$$libinit$$00000013)
    .ARM.Collect$$libinit$$00000015          0x0000013e   Section        0  libinit2.o(.ARM.Collect$$libinit$$00000015)
    .ARM.Collect$$libinit$$00000017          0x0000013e   Section        0  libinit2.o(.ARM.Collect$$libinit$$00000017)
    .ARM.Collect$$libinit$$00000019          0x0000013e   Section        0  libinit2.o(.ARM.Collect$$libinit$$00000019)
    .ARM.Collect$$libinit$$0000001B          0x0000013e   Section        0  libinit2.o(.ARM.Collect$$libinit$$0000001B)
    .ARM.Collect$$libinit$$0000001D          0x0000013e   Section        0  libinit2.o(.ARM.Collect$$libinit$$0000001D)
    .ARM.Collect$$libinit$$0000001F          0x0000013e   Section        0  libinit2.o(.ARM.Collect$$libinit$$0000001F)
    .ARM.Collect$$libinit$$00000021          0x0000013e   Section        0  libinit2.o(.ARM.Collect$$libinit$$00000021)
    .ARM.Collect$$libinit$$00000023          0x0000013e   Section        0  libinit2.o(.ARM.Collect$$libinit$$00000023)
    .ARM.Collect$$libinit$$00000025          0x0000013e   Section        0  libinit2.o(.ARM.Collect$$libinit$$00000025)
    .ARM.Collect$$libinit$$0000002C          0x0000013e   Section        0  libinit2.o(.ARM.Collect$$libinit$$0000002C)
    .ARM.Collect$$libinit$$0000002E          0x0000013e   Section        0  libinit2.o(.ARM.Collect$$libinit$$0000002E)
    .ARM.Collect$$libinit$$00000030          0x0000013e   Section        0  libinit2.o(.ARM.Collect$$libinit$$00000030)
    .ARM.Collect$$libinit$$00000032          0x0000013e   Section        0  libinit2.o(.ARM.Collect$$libinit$$00000032)
    .ARM.Collect$$libinit$$00000033          0x0000013e   Section        2  libinit2.o(.ARM.Collect$$libinit$$00000033)
    .ARM.Collect$$libshutdown$$00000000      0x00000140   Section        2  libshutdown.o(.ARM.Collect$$libshutdown$$00000000)
    .ARM.Collect$$libshutdown$$00000002      0x00000142   Section        0  libshutdown2.o(.ARM.Collect$$libshutdown$$00000002)
    .ARM.Collect$$libshutdown$$00000004      0x00000142   Section        0  libshutdown2.o(.ARM.Collect$$libshutdown$$00000004)
    .ARM.Collect$$libshutdown$$00000007      0x00000142   Section        0  libshutdown2.o(.ARM.Collect$$libshutdown$$00000007)
    .ARM.Collect$$libshutdown$$0000000A      0x00000142   Section        0  libshutdown2.o(.ARM.Collect$$libshutdown$$0000000A)
    .ARM.Collect$$libshutdown$$0000000C      0x00000142   Section        0  libshutdown2.o(.ARM.Collect$$libshutdown$$0000000C)
    .ARM.Collect$$libshutdown$$0000000F      0x00000142   Section        0  libshutdown2.o(.ARM.Collect$$libshutdown$$0000000F)
    .ARM.Collect$$libshutdown$$00000010      0x00000142   Section        2  libshutdown2.o(.ARM.Collect$$libshutdown$$00000010)
    .ARM.Collect$$rtentry$$00000000          0x00000144   Section        0  __rtentry.o(.ARM.Collect$$rtentry$$00000000)
    .ARM.Collect$$rtentry$$00000002          0x00000144   Section        0  __rtentry2.o(.ARM.Collect$$rtentry$$00000002)
    .ARM.Collect$$rtentry$$00000004          0x00000144   Section        6  __rtentry4.o(.ARM.Collect$$rtentry$$00000004)
    .ARM.Collect$$rtentry$$00000009          0x0000014a   Section        0  __rtentry2.o(.ARM.Collect$$rtentry$$00000009)
    .ARM.Collect$$rtentry$$0000000A          0x0000014a   Section        4  __rtentry2.o(.ARM.Collect$$rtentry$$0000000A)
    .ARM.Collect$$rtentry$$0000000C          0x0000014e   Section        0  __rtentry2.o(.ARM.Collect$$rtentry$$0000000C)
    .ARM.Collect$$rtentry$$0000000D          0x0000014e   Section        8  __rtentry2.o(.ARM.Collect$$rtentry$$0000000D)
    .ARM.Collect$$rtexit$$00000000           0x00000156   Section        2  rtexit.o(.ARM.Collect$$rtexit$$00000000)
    .ARM.Collect$$rtexit$$00000002           0x00000158   Section        0  rtexit2.o(.ARM.Collect$$rtexit$$00000002)
    .ARM.Collect$$rtexit$$00000003           0x00000158   Section        4  rtexit2.o(.ARM.Collect$$rtexit$$00000003)
    .ARM.Collect$$rtexit$$00000004           0x0000015c   Section        6  rtexit2.o(.ARM.Collect$$rtexit$$00000004)
    .emb_text                                0x00000164   Section       56  rt_memcpy.o(.emb_text)
    .text                                    0x0000019c   Section       64  startup_mkl25z4.o(.text)
    .text                                    0x000001dc   Section      346  aeabi_sdiv.o(.text)
    .text                                    0x00000336   Section        0  heapauxi.o(.text)
    .text                                    0x0000033c   Section        0  dfixi.o(.text)
    .text                                    0x000003a8   Section        0  dfixui.o(.text)
    .text                                    0x000003f0   Section        8  rt_errno_addr_intlibspace.o(.text)
    .text                                    0x000003f8   Section        8  libspace.o(.text)
    .ARM.__at_0x400                          0x00000400   Section       16  startup_mkl25z4.o(.ARM.__at_0x400)
    .text                                    0x00000410   Section        0  blinky.o(.text)
    NVIC_SetPriority                         0x00000411   Thumb Code   110  blinky.o(.text)
    trxReadWriteBurstSingle                  0x000006cd   Thumb Code    74  blinky.o(.text)
    get_Temperature                          0x000008d5   Thumb Code   514  blinky.o(.text)
    registerConfig                           0x00000ad7   Thumb Code    46  blinky.o(.text)
    createPacket                             0x00000f57   Thumb Code    86  blinky.o(.text)
    TX_manualCalibration                     0x00000fad   Thumb Code   368  blinky.o(.text)
    runTX                                    0x0000111d   Thumb Code   150  blinky.o(.text)
    RX_manualCalibration                     0x00001521   Thumb Code   336  blinky.o(.text)
    runRX                                    0x000017c3   Thumb Code   206  blinky.o(.text)
    NVIC_EnableIRQ                           0x000018d5   Thumb Code    18  blinky.o(.text)
    Delay                                    0x000018e7   Thumb Code    18  blinky.o(.text)
    .text                                    0x0000191c   Section        0  system_mkl25z4.o(.text)
    .text                                    0x00001bdc   Section        0  daddsub.o(.text)
    _dadd1                                   0x00001bdd   Thumb Code   290  daddsub.o(.text)
    _dsub1                                   0x00001cff   Thumb Code   470  daddsub.o(.text)
    .text                                    0x00001f34   Section        0  ddiv.o(.text)
    .text                                    0x0000237c   Section        0  dflti.o(.text)
    .text                                    0x000023d4   Section        0  dmul.o(.text)
    .text                                    0x0000261c   Section        0  f2d.o(.text)
    .text                                    0x00002670   Section        0  fflti.o(.text)
    .text                                    0x000026ce   Section        0  _rserrno.o(.text)
    .text                                    0x000026e4   Section        0  dscalbn.o(.text)
    .text                                    0x00002744   Section        0  dsqrt.o(.text)
    .text                                    0x00002844   Section        0  dcmpin.o(.text)
    .text                                    0x000028d4   Section       62  sys_stackheap_outer.o(.text)
    .text                                    0x00002912   Section        0  exit.o(.text)
    .text                                    0x00002922   Section        0  cmpret.o(.text)
    .text                                    0x00002950   Section        0  dnan2.o(.text)
    .text                                    0x00002964   Section        0  retnan.o(.text)
    .text                                    0x000029c4   Section        0  sys_exit.o(.text)
    .text                                    0x000029d0   Section        2  use_no_semi.o(.text)
    .text                                    0x000029d2   Section        0  indicate_semi.o(.text)
    i.__ARM_common_switch8                   0x000029d2   Section        0  blinky.o(i.__ARM_common_switch8)
    i.__ARM_fpclassify                       0x000029f0   Section        0  fpclassify.o(i.__ARM_fpclassify)
    i.__kernel_poly                          0x00002a1c   Section        0  poly.o(i.__kernel_poly)
    i.__mathlib_dbl_divzero                  0x00002ac8   Section        0  dunder.o(i.__mathlib_dbl_divzero)
    i.__mathlib_dbl_infnan2                  0x00002adc   Section        0  dunder.o(i.__mathlib_dbl_infnan2)
    i.__mathlib_dbl_invalid                  0x00002ae4   Section        0  dunder.o(i.__mathlib_dbl_invalid)
    i.__mathlib_dbl_overflow                 0x00002af4   Section        0  dunder.o(i.__mathlib_dbl_overflow)
    i.__mathlib_dbl_underflow                0x00002b08   Section        0  dunder.o(i.__mathlib_dbl_underflow)
    i.pow                                    0x00002b1c   Section        0  pow.o(i.pow)
    i.sqrt                                   0x00003518   Section        0  sqrt.o(i.sqrt)
    x$fpl$drleqf                             0x00003560   Section      104  drlef.o(x$fpl$drleqf)
    x$fpl$fadd                               0x000035c8   Section      140  faddsub.o(x$fpl$fadd)
    _fadd1                                   0x000035d5   Thumb Code     0  faddsub.o(x$fpl$fadd)
    x$fpl$fmul                               0x00003654   Section      176  fmul.o(x$fpl$fmul)
    x$fpl$frsb                               0x00003704   Section       24  faddsub.o(x$fpl$frsb)
    x$fpl$fsub                               0x0000371c   Section      208  faddsub.o(x$fpl$fsub)
    _fsub1                                   0x00003729   Thumb Code     0  faddsub.o(x$fpl$fsub)
    .constdata                               0x000037ec   Section      160  blinky.o(.constdata)
    x$fpl$usenofp                            0x000037ec   Section        0  usenofp.o(x$fpl$usenofp)
    preferredSettings                        0x000037ec   Data         160  blinky.o(.constdata)
    .constdata                               0x0000388c   Section      128  ddiv.o(.constdata)
    ddiv_reciptbl                            0x0000388c   Data         128  ddiv.o(.constdata)
    .constdata                               0x00003910   Section      136  pow.o(.constdata)
    bp                                       0x00003910   Data          16  pow.o(.constdata)
    dp_h                                     0x00003920   Data          16  pow.o(.constdata)
    dp_l                                     0x00003930   Data          16  pow.o(.constdata)
    L                                        0x00003940   Data          48  pow.o(.constdata)
    P                                        0x00003970   Data          40  pow.o(.constdata)
    .constdata                               0x00003998   Section        8  qnan.o(.constdata)
    .data                                    0x20000000   Section       74  blinky.o(.data)
    .data                                    0x2000004c   Section        4  system_mkl25z4.o(.data)
    .bss                                     0x20000050   Section      383  blinky.o(.bss)
    .bss                                     0x200001d0   Section       96  libspace.o(.bss)
    HEAP                                     0x20000230   Section        0  startup_mkl25z4.o(HEAP)
    STACK                                    0x20000230   Section      256  startup_mkl25z4.o(STACK)
    Heap_Mem                                 0x20000230   Data           0  startup_mkl25z4.o(HEAP)
    Stack_Mem                                0x20000230   Data         256  startup_mkl25z4.o(STACK)
    __initial_sp                             0x20000330   Data           0  startup_mkl25z4.o(STACK)

    Global Symbols

    Symbol Name                              Value     Ov Type        Size  Object(Section)

    BuildAttributes$$THM_ISAv3M$S$PE$A:L22$X:L11$S22$IEEE1$IW$USESV6$~STKCKD$USESV7$~SHL$OTIME$ROPI$IEEEX$EBA8$UX$STANDARDLIB$REQ8$PRES8$EABIv2 0x00000000   Number         0  anon$$obj.o ABSOLUTE
    __ARM_use_no_argv                        0x00000000   Number         0  blinky.o ABSOLUTE
    __Vectors                                0x00000000   Data           4  startup_mkl25z4.o(RESET)
    __ARM_exceptions_init                     - Undefined Weak Reference
    __alloca_initialize                       - Undefined Weak Reference
    __arm_preinit_                            - Undefined Weak Reference
    __cpp_initialize__aeabi_                  - Undefined Weak Reference
    __cxa_finalize                            - Undefined Weak Reference
    __rt_locale                               - Undefined Weak Reference
    __sigvec_lookup                           - Undefined Weak Reference
    _atexit_init                              - Undefined Weak Reference
    _call_atexit_fns                          - Undefined Weak Reference
    _clock_init                               - Undefined Weak Reference
    _fp_trap_init                             - Undefined Weak Reference
    _fp_trap_shutdown                         - Undefined Weak Reference
    _get_lc_collate                           - Undefined Weak Reference
    _get_lc_ctype                             - Undefined Weak Reference
    _get_lc_monetary                          - Undefined Weak Reference
    _get_lc_numeric                           - Undefined Weak Reference
    _get_lc_time                              - Undefined Weak Reference
    _getenv_init                              - Undefined Weak Reference
    _handle_redirection                       - Undefined Weak Reference
    _init_alloc                               - Undefined Weak Reference
    _init_user_alloc                          - Undefined Weak Reference
    _initio                                   - Undefined Weak Reference
    _rand_init                                - Undefined Weak Reference
    _signal_finish                            - Undefined Weak Reference
    _signal_init                              - Undefined Weak Reference
    _terminate_alloc                          - Undefined Weak Reference
    _terminate_user_alloc                     - Undefined Weak Reference
    _terminateio                              - Undefined Weak Reference
    __Vectors_End                            0x000000c0   Data           0  startup_mkl25z4.o(RESET)
    __Vectors_Size                           0x000000c0   Number         0  startup_mkl25z4.o ABSOLUTE
    __main                                   0x000000c1   Thumb Code     8  __main.o(!!!main)
    __scatterload                            0x000000c9   Thumb Code     0  __scatter.o(!!!scatter)
    __scatterload_rt2                        0x000000c9   Thumb Code    52  __scatter.o(!!!scatter)
    __scatterload_rt2_thumb_only             0x000000c9   Thumb Code     0  __scatter.o(!!!scatter)
    __scatterload_null                       0x000000d9   Thumb Code     0  __scatter.o(!!!scatter)
    __scatterload_copy                       0x00000105   Thumb Code    26  __scatter_copy.o(!!handler_copy)
    __scatterload_zeroinit                   0x00000121   Thumb Code    28  __scatter_zi.o(!!handler_zi)
    __rt_lib_init                            0x0000013d   Thumb Code     0  libinit.o(.ARM.Collect$$libinit$$00000000)
    __rt_lib_init_alloca_1                   0x0000013f   Thumb Code     0  libinit2.o(.ARM.Collect$$libinit$$0000002E)
    __rt_lib_init_argv_1                     0x0000013f   Thumb Code     0  libinit2.o(.ARM.Collect$$libinit$$0000002C)
    __rt_lib_init_atexit_1                   0x0000013f   Thumb Code     0  libinit2.o(.ARM.Collect$$libinit$$0000001B)
    __rt_lib_init_clock_1                    0x0000013f   Thumb Code     0  libinit2.o(.ARM.Collect$$libinit$$00000021)
    __rt_lib_init_cpp_1                      0x0000013f   Thumb Code     0  libinit2.o(.ARM.Collect$$libinit$$00000032)
    __rt_lib_init_exceptions_1               0x0000013f   Thumb Code     0  libinit2.o(.ARM.Collect$$libinit$$00000030)
    __rt_lib_init_fp_1                       0x0000013f   Thumb Code     0  libinit2.o(.ARM.Collect$$libinit$$00000002)
    __rt_lib_init_fp_trap_1                  0x0000013f   Thumb Code     0  libinit2.o(.ARM.Collect$$libinit$$0000001F)
    __rt_lib_init_getenv_1                   0x0000013f   Thumb Code     0  libinit2.o(.ARM.Collect$$libinit$$00000023)
    __rt_lib_init_heap_1                     0x0000013f   Thumb Code     0  libinit2.o(.ARM.Collect$$libinit$$0000000A)
    __rt_lib_init_lc_collate_1               0x0000013f   Thumb Code     0  libinit2.o(.ARM.Collect$$libinit$$00000011)
    __rt_lib_init_lc_ctype_1                 0x0000013f   Thumb Code     0  libinit2.o(.ARM.Collect$$libinit$$00000013)
    __rt_lib_init_lc_monetary_1              0x0000013f   Thumb Code     0  libinit2.o(.ARM.Collect$$libinit$$00000015)
    __rt_lib_init_lc_numeric_1               0x0000013f   Thumb Code     0  libinit2.o(.ARM.Collect$$libinit$$00000017)
    __rt_lib_init_lc_time_1                  0x0000013f   Thumb Code     0  libinit2.o(.ARM.Collect$$libinit$$00000019)
    __rt_lib_init_preinit_1                  0x0000013f   Thumb Code     0  libinit2.o(.ARM.Collect$$libinit$$00000004)
    __rt_lib_init_rand_1                     0x0000013f   Thumb Code     0  libinit2.o(.ARM.Collect$$libinit$$0000000E)
    __rt_lib_init_return                     0x0000013f   Thumb Code     0  libinit2.o(.ARM.Collect$$libinit$$00000033)
    __rt_lib_init_signal_1                   0x0000013f   Thumb Code     0  libinit2.o(.ARM.Collect$$libinit$$0000001D)
    __rt_lib_init_stdio_1                    0x0000013f   Thumb Code     0  libinit2.o(.ARM.Collect$$libinit$$00000025)
    __rt_lib_init_user_alloc_1               0x0000013f   Thumb Code     0  libinit2.o(.ARM.Collect$$libinit$$0000000C)
    __rt_lib_shutdown                        0x00000141   Thumb Code     0  libshutdown.o(.ARM.Collect$$libshutdown$$00000000)
    __rt_lib_shutdown_cpp_1                  0x00000143   Thumb Code     0  libshutdown2.o(.ARM.Collect$$libshutdown$$00000002)
    __rt_lib_shutdown_fp_trap_1              0x00000143   Thumb Code     0  libshutdown2.o(.ARM.Collect$$libshutdown$$00000007)
    __rt_lib_shutdown_heap_1                 0x00000143   Thumb Code     0  libshutdown2.o(.ARM.Collect$$libshutdown$$0000000F)
    __rt_lib_shutdown_return                 0x00000143   Thumb Code     0  libshutdown2.o(.ARM.Collect$$libshutdown$$00000010)
    __rt_lib_shutdown_signal_1               0x00000143   Thumb Code     0  libshutdown2.o(.ARM.Collect$$libshutdown$$0000000A)
    __rt_lib_shutdown_stdio_1                0x00000143   Thumb Code     0  libshutdown2.o(.ARM.Collect$$libshutdown$$00000004)
    __rt_lib_shutdown_user_alloc_1           0x00000143   Thumb Code     0  libshutdown2.o(.ARM.Collect$$libshutdown$$0000000C)
    __rt_entry                               0x00000145   Thumb Code     0  __rtentry.o(.ARM.Collect$$rtentry$$00000000)
    __rt_entry_presh_1                       0x00000145   Thumb Code     0  __rtentry2.o(.ARM.Collect$$rtentry$$00000002)
    __rt_entry_sh                            0x00000145   Thumb Code     0  __rtentry4.o(.ARM.Collect$$rtentry$$00000004)
    __rt_entry_li                            0x0000014b   Thumb Code     0  __rtentry2.o(.ARM.Collect$$rtentry$$0000000A)
    __rt_entry_postsh_1                      0x0000014b   Thumb Code     0  __rtentry2.o(.ARM.Collect$$rtentry$$00000009)
    __rt_entry_main                          0x0000014f   Thumb Code     0  __rtentry2.o(.ARM.Collect$$rtentry$$0000000D)
    __rt_entry_postli_1                      0x0000014f   Thumb Code     0  __rtentry2.o(.ARM.Collect$$rtentry$$0000000C)
    __rt_exit                                0x00000157   Thumb Code     0  rtexit.o(.ARM.Collect$$rtexit$$00000000)
    __rt_exit_ls                             0x00000159   Thumb Code     0  rtexit2.o(.ARM.Collect$$rtexit$$00000003)
    __rt_exit_prels_1                        0x00000159   Thumb Code     0  rtexit2.o(.ARM.Collect$$rtexit$$00000002)
    __rt_exit_exit                           0x0000015d   Thumb Code     0  rtexit2.o(.ARM.Collect$$rtexit$$00000004)
    __aeabi_memcpy4                          0x00000165   Thumb Code    56  rt_memcpy.o(.emb_text)
    __aeabi_memcpy8                          0x00000165   Thumb Code     0  rt_memcpy.o(.emb_text)
    Reset_Handler                            0x0000019d   Thumb Code    12  startup_mkl25z4.o(.text)
    NMI_Handler                              0x000001a9   Thumb Code     2  startup_mkl25z4.o(.text)
    HardFault_Handler                        0x000001ab   Thumb Code     2  startup_mkl25z4.o(.text)
    SVC_Handler                              0x000001ad   Thumb Code     2  startup_mkl25z4.o(.text)
    PendSV_Handler                           0x000001af   Thumb Code     2  startup_mkl25z4.o(.text)
    ADC0_IRQHandler                          0x000001b3   Thumb Code     0  startup_mkl25z4.o(.text)
    CMP0_IRQHandler                          0x000001b3   Thumb Code     0  startup_mkl25z4.o(.text)
    DAC0_IRQHandler                          0x000001b3   Thumb Code     0  startup_mkl25z4.o(.text)
    DMA0_IRQHandler                          0x000001b3   Thumb Code     0  startup_mkl25z4.o(.text)
    DMA1_IRQHandler                          0x000001b3   Thumb Code     0  startup_mkl25z4.o(.text)
    DMA2_IRQHandler                          0x000001b3   Thumb Code     0  startup_mkl25z4.o(.text)
    DMA3_IRQHandler                          0x000001b3   Thumb Code     0  startup_mkl25z4.o(.text)
    DefaultISR                               0x000001b3   Thumb Code     0  startup_mkl25z4.o(.text)
    FTFA_IRQHandler                          0x000001b3   Thumb Code     0  startup_mkl25z4.o(.text)
    I2C0_IRQHandler                          0x000001b3   Thumb Code     0  startup_mkl25z4.o(.text)
    I2C1_IRQHandler                          0x000001b3   Thumb Code     0  startup_mkl25z4.o(.text)
    LLWU_IRQHandler                          0x000001b3   Thumb Code     0  startup_mkl25z4.o(.text)
    LPTMR0_IRQHandler                        0x000001b3   Thumb Code     0  startup_mkl25z4.o(.text)
    LVD_LVW_IRQHandler                       0x000001b3   Thumb Code     0  startup_mkl25z4.o(.text)
    MCG_IRQHandler                           0x000001b3   Thumb Code     0  startup_mkl25z4.o(.text)
    PIT_IRQHandler                           0x000001b3   Thumb Code     0  startup_mkl25z4.o(.text)
    PORTD_IRQHandler                         0x000001b3   Thumb Code     0  startup_mkl25z4.o(.text)
    RTC_IRQHandler                           0x000001b3   Thumb Code     0  startup_mkl25z4.o(.text)
    RTC_Seconds_IRQHandler                   0x000001b3   Thumb Code     0  startup_mkl25z4.o(.text)
    Reserved20_IRQHandler                    0x000001b3   Thumb Code     0  startup_mkl25z4.o(.text)
    Reserved39_IRQHandler                    0x000001b3   Thumb Code     0  startup_mkl25z4.o(.text)
    Reserved45_IRQHandler                    0x000001b3   Thumb Code     0  startup_mkl25z4.o(.text)
    SPI0_IRQHandler                          0x000001b3   Thumb Code     0  startup_mkl25z4.o(.text)
    SPI1_IRQHandler                          0x000001b3   Thumb Code     0  startup_mkl25z4.o(.text)
    TPM0_IRQHandler                          0x000001b3   Thumb Code     0  startup_mkl25z4.o(.text)
    TPM1_IRQHandler                          0x000001b3   Thumb Code     0  startup_mkl25z4.o(.text)
    TPM2_IRQHandler                          0x000001b3   Thumb Code     0  startup_mkl25z4.o(.text)
    TSI0_IRQHandler                          0x000001b3   Thumb Code     0  startup_mkl25z4.o(.text)
    UART1_IRQHandler                         0x000001b3   Thumb Code     0  startup_mkl25z4.o(.text)
    UART2_IRQHandler                         0x000001b3   Thumb Code     0  startup_mkl25z4.o(.text)
    USB0_IRQHandler                          0x000001b3   Thumb Code     0  startup_mkl25z4.o(.text)
    __user_initial_stackheap                 0x000001b9   Thumb Code     0  startup_mkl25z4.o(.text)
    __aeabi_uidiv                            0x000001dd   Thumb Code     0  aeabi_sdiv.o(.text)
    __aeabi_uidivmod                         0x000001dd   Thumb Code    20  aeabi_sdiv.o(.text)
    __aeabi_idiv                             0x000001f1   Thumb Code     0  aeabi_sdiv.o(.text)
    __aeabi_idivmod                          0x000001f1   Thumb Code   326  aeabi_sdiv.o(.text)
    __use_two_region_memory                  0x00000337   Thumb Code     2  heapauxi.o(.text)
    __rt_heap_escrow$2region                 0x00000339   Thumb Code     2  heapauxi.o(.text)
    __rt_heap_expand$2region                 0x0000033b   Thumb Code     2  heapauxi.o(.text)
    __aeabi_d2iz                             0x0000033d   Thumb Code     0  dfixi.o(.text)
    _dfix                                    0x0000033d   Thumb Code    98  dfixi.o(.text)
    __aeabi_d2uiz                            0x000003a9   Thumb Code     0  dfixui.o(.text)
    _dfixu                                   0x000003a9   Thumb Code    68  dfixui.o(.text)
    __aeabi_errno_addr                       0x000003f1   Thumb Code     8  rt_errno_addr_intlibspace.o(.text)
    __errno$intlibspace                      0x000003f1   Thumb Code     0  rt_errno_addr_intlibspace.o(.text)
    __rt_errno_addr$intlibspace              0x000003f1   Thumb Code     0  rt_errno_addr_intlibspace.o(.text)
    __user_libspace                          0x000003f9   Thumb Code     8  libspace.o(.text)
    __user_perproc_libspace                  0x000003f9   Thumb Code     0  libspace.o(.text)
    __user_perthread_libspace                0x000003f9   Thumb Code     0  libspace.o(.text)
    LED_Init                                 0x0000047f   Thumb Code   308  blinky.o(.text)
    waitUs                                   0x000005b3   Thumb Code    26  blinky.o(.text)
    IRQ_Init                                 0x000005cd   Thumb Code    40  blinky.o(.text)
    PORTA_IRQHandler                         0x000005f5   Thumb Code    76  blinky.o(.text)
    SPI_Send                                 0x00000641   Thumb Code    40  blinky.o(.text)
    TI_WriteByte                             0x00000669   Thumb Code    20  blinky.o(.text)
    TI_Write_brst                            0x0000067d   Thumb Code    30  blinky.o(.text)
    TI_ReadByte                              0x0000069b   Thumb Code    18  blinky.o(.text)
    TI_Read_brst                             0x000006ad   Thumb Code    32  blinky.o(.text)
    trx16BitRegAccess                        0x00000717   Thumb Code    94  blinky.o(.text)
    trx8BitRegAccess                         0x00000775   Thumb Code    90  blinky.o(.text)
    cc112xSpiReadReg                         0x000007cf   Thumb Code   114  blinky.o(.text)
    trxSpiCmdStrobe                          0x00000841   Thumb Code    54  blinky.o(.text)
    cc112xSpiWriteReg                        0x00000877   Thumb Code    70  blinky.o(.text)
    cc112xSpiWriteTxFifo                     0x000008bd   Thumb Code    24  blinky.o(.text)
    USART1_Init                              0x00000b05   Thumb Code   140  blinky.o(.text)
    UART_putchar                             0x00000b91   Thumb Code    38  blinky.o(.text)
    fputc                                    0x00000bb7   Thumb Code    16  blinky.o(.text)
    UART0_IRQHandler                         0x00000bc7   Thumb Code   194  blinky.o(.text)
    getReg_Test                              0x00000c89   Thumb Code   214  blinky.o(.text)
    setRegisters                             0x00000d5f   Thumb Code   504  blinky.o(.text)
    TI_HW_Reset                              0x000011b3   Thumb Code    34  blinky.o(.text)
    spi_init                                 0x000011d5   Thumb Code   144  blinky.o(.text)
    main                                     0x00001265   Thumb Code   380  blinky.o(.text)
    SysTick_Handler                          0x000013e1   Thumb Code    12  blinky.o(.text)
    TI_Init                                  0x000013ed   Thumb Code    56  blinky.o(.text)
    TI_Command                               0x00001425   Thumb Code    60  blinky.o(.text)
    TI_Command_Read                          0x00001461   Thumb Code   148  blinky.o(.text)
    cc112xSpiReadRxFifo                      0x000014f5   Thumb Code    24  blinky.o(.text)
    cc112xGetTxStatus                        0x0000150d   Thumb Code    10  blinky.o(.text)
    cc112xGetRxStatus                        0x00001517   Thumb Code    10  blinky.o(.text)
    Command_Parse                            0x00001671   Thumb Code   338  blinky.o(.text)
    UART_getchar                             0x00001891   Thumb Code    20  blinky.o(.text)
    UART_Send                                0x000018a5   Thumb Code    24  blinky.o(.text)
    UART_Recv                                0x000018bd   Thumb Code    24  blinky.o(.text)
    SystemInit                               0x0000191d   Thumb Code   266  system_mkl25z4.o(.text)
    SystemCoreClockUpdate                    0x00001a27   Thumb Code   374  system_mkl25z4.o(.text)
    __aeabi_dadd                             0x00001ed5   Thumb Code     0  daddsub.o(.text)
    _dadd                                    0x00001ed5   Thumb Code    26  daddsub.o(.text)
    __aeabi_dsub                             0x00001eef   Thumb Code     0  daddsub.o(.text)
    _dsub                                    0x00001eef   Thumb Code    22  daddsub.o(.text)
    __aeabi_drsub                            0x00001f05   Thumb Code     0  daddsub.o(.text)
    _drsb                                    0x00001f05   Thumb Code    28  daddsub.o(.text)
    __aeabi_ddiv                             0x00001f35   Thumb Code     0  ddiv.o(.text)
    _ddiv                                    0x00001f35   Thumb Code  1072  ddiv.o(.text)
    _drdiv                                   0x00002365   Thumb Code    20  ddiv.o(.text)
    __aeabi_i2d_normalise                    0x0000237d   Thumb Code    66  dflti.o(.text)
    __aeabi_i2d                              0x000023bf   Thumb Code    16  dflti.o(.text)
    _dflt                                    0x000023bf   Thumb Code     0  dflti.o(.text)
    __aeabi_ui2d                             0x000023cf   Thumb Code     6  dflti.o(.text)
    _dfltu                                   0x000023cf   Thumb Code     0  dflti.o(.text)
    __aeabi_dmul                             0x000023d5   Thumb Code     0  dmul.o(.text)
    _dmul                                    0x000023d5   Thumb Code   558  dmul.o(.text)
    __aeabi_f2d                              0x0000261d   Thumb Code     0  f2d.o(.text)
    _f2d                                     0x0000261d   Thumb Code    80  f2d.o(.text)
    __aeabi_i2f_normalise                    0x00002671   Thumb Code    72  fflti.o(.text)
    __aeabi_i2f                              0x000026b9   Thumb Code    16  fflti.o(.text)
    _fflt                                    0x000026b9   Thumb Code     0  fflti.o(.text)
    __aeabi_ui2f                             0x000026c9   Thumb Code     6  fflti.o(.text)
    _ffltu                                   0x000026c9   Thumb Code     0  fflti.o(.text)
    __read_errno                             0x000026cf   Thumb Code    10  _rserrno.o(.text)
    __set_errno                              0x000026d9   Thumb Code    12  _rserrno.o(.text)
    __ARM_scalbn                             0x000026e5   Thumb Code    84  dscalbn.o(.text)
    _dsqrt                                   0x00002745   Thumb Code   248  dsqrt.o(.text)
    __fpl_dcmp_InfNaN                        0x00002845   Thumb Code   140  dcmpin.o(.text)
    __user_setup_stackheap                   0x000028d5   Thumb Code    62  sys_stackheap_outer.o(.text)
    exit                                     0x00002913   Thumb Code    16  exit.o(.text)
    __fpl_cmpreturn                          0x00002923   Thumb Code    46  cmpret.o(.text)
    __fpl_dcheck_NaN2                        0x00002951   Thumb Code    14  dnan2.o(.text)
    __fpl_return_NaN                         0x00002965   Thumb Code    94  retnan.o(.text)
    _sys_exit                                0x000029c5   Thumb Code     8  sys_exit.o(.text)
    __I$use$semihosting                      0x000029d1   Thumb Code     0  use_no_semi.o(.text)
    __use_no_semihosting_swi                 0x000029d1   Thumb Code     2  use_no_semi.o(.text)
    __ARM_common_switch8                     0x000029d3   Thumb Code    28  blinky.o(i.__ARM_common_switch8)
    __semihosting_library_function           0x000029d3   Thumb Code     0  indicate_semi.o(.text)
    __ARM_fpclassify                         0x000029f1   Thumb Code    40  fpclassify.o(i.__ARM_fpclassify)
    __kernel_poly                            0x00002a1d   Thumb Code   172  poly.o(i.__kernel_poly)
    __mathlib_dbl_divzero                    0x00002ac9   Thumb Code    16  dunder.o(i.__mathlib_dbl_divzero)
    __mathlib_dbl_infnan2                    0x00002add   Thumb Code     8  dunder.o(i.__mathlib_dbl_infnan2)
    __mathlib_dbl_invalid                    0x00002ae5   Thumb Code    16  dunder.o(i.__mathlib_dbl_invalid)
    __mathlib_dbl_overflow                   0x00002af5   Thumb Code    16  dunder.o(i.__mathlib_dbl_overflow)
    __mathlib_dbl_underflow                  0x00002b09   Thumb Code    14  dunder.o(i.__mathlib_dbl_underflow)
    pow                                      0x00002b1d   Thumb Code  2548  pow.o(i.pow)
    sqrt                                     0x00003519   Thumb Code    66  sqrt.o(i.sqrt)
    __aeabi_cdrcmple                         0x00003561   Thumb Code     0  drlef.o(x$fpl$drleqf)
    _drcmple                                 0x00003561   Thumb Code   100  drlef.o(x$fpl$drleqf)
    __aeabi_fadd                             0x000035c9   Thumb Code     0  faddsub.o(x$fpl$fadd)
    _fadd                                    0x000035c9   Thumb Code   134  faddsub.o(x$fpl$fadd)
    __aeabi_fmul                             0x00003655   Thumb Code     0  fmul.o(x$fpl$fmul)
    _fmul                                    0x00003655   Thumb Code   172  fmul.o(x$fpl$fmul)
    __aeabi_frsub                            0x00003705   Thumb Code     0  faddsub.o(x$fpl$frsb)
    _frsb                                    0x00003705   Thumb Code    24  faddsub.o(x$fpl$frsb)
    __aeabi_fsub                             0x0000371d   Thumb Code     0  faddsub.o(x$fpl$fsub)
    _fsub                                    0x0000371d   Thumb Code   204  faddsub.o(x$fpl$fsub)
    __I$use$fp                               0x000037ec   Number         0  usenofp.o(x$fpl$usenofp)
    __mathlib_zero                           0x00003998   Data           8  qnan.o(.constdata)
    Region$$Table$$Base                      0x000039a0   Number         0  anon$$obj.o(Region$$Table)
    Region$$Table$$Limit                     0x000039c0   Number         0  anon$$obj.o(Region$$Table)
    C                                        0x20000000   Data           4  blinky.o(.data)
    hede                                     0x20000004   Data           4  blinky.o(.data)
    config                                   0x20000008   Data           1  blinky.o(.data)
    toto                                     0x20000009   Data          22  blinky.o(.data)
    packetSemaphore                          0x2000001f   Data           1  blinky.o(.data)
    packetCounter                            0x20000020   Data           4  blinky.o(.data)
    Measure_Temp                             0x20000024   Data           1  blinky.o(.data)
    asde                                     0x20000025   Data           1  blinky.o(.data)
    UART_baud                                0x20000026   Data           2  blinky.o(.data)
    divisor                                  0x20000028   Data           2  blinky.o(.data)
    __stdout                                 0x2000002c   Data           4  blinky.o(.data)
    UARTcount                                0x20000030   Data           4  blinky.o(.data)
    buf                                      0x20000034   Data           8  blinky.o(.data)
    pMSG                                     0x2000003c   Data           4  blinky.o(.data)
    WriteByte                                0x20000040   Data           1  blinky.o(.data)
    testo                                    0x20000041   Data           1  blinky.o(.data)
    msTicks                                  0x20000044   Data           4  blinky.o(.data)
    testt                                    0x20000048   Data           1  blinky.o(.data)
    x                                        0x20000049   Data           1  blinky.o(.data)
    SystemCoreClock                          0x2000004c   Data           4  system_mkl25z4.o(.data)
    test                                     0x20000050   Data          22  blinky.o(.bss)
    got                                      0x20000066   Data          22  blinky.o(.bss)
    Message_buf                              0x2000007c   Data          11  blinky.o(.bss)
    UART_RX                                  0x20000087   Data         100  blinky.o(.bss)
    reg                                      0x200000eb   Data         100  blinky.o(.bss)
    rxBuffer                                 0x2000014f   Data         128  blinky.o(.bss)
    __libspace_start                         0x200001d0   Data          96  libspace.o(.bss)
    __temporary_stack_top$libspace           0x20000230   Data           0  libspace.o(.bss)



==============================================================================

Memory Map of the image

  Image Entry point : 0x000000c1

  Load Region LR_IROM1 (Base: 0x00000000, Size: 0x00003a10, Max: 0x00020000, ABSOLUTE)

    Execution Region ER_IROM1 (Base: 0x00000000, Size: 0x000039c0, Max: 0x00020000, ABSOLUTE)

    Base Addr    Size         Type   Attr      Idx    E Section Name        Object

    0x00000000   0x000000c0   Data   RO          111    RESET               startup_mkl25z4.o
    0x000000c0   0x00000008   Code   RO          157  * !!!main             c_p.l(__main.o)
    0x000000c8   0x0000003c   Code   RO          412    !!!scatter          c_p.l(__scatter.o)
    0x00000104   0x0000001a   Code   RO          414    !!handler_copy      c_p.l(__scatter_copy.o)
    0x0000011e   0x00000002   PAD
    0x00000120   0x0000001c   Code   RO          416    !!handler_zi        c_p.l(__scatter_zi.o)
    0x0000013c   0x00000002   Code   RO          278    .ARM.Collect$$libinit$$00000000  c_p.l(libinit.o)
    0x0000013e   0x00000000   Code   RO          293    .ARM.Collect$$libinit$$00000002  c_p.l(libinit2.o)
    0x0000013e   0x00000000   Code   RO          295    .ARM.Collect$$libinit$$00000004  c_p.l(libinit2.o)
    0x0000013e   0x00000000   Code   RO          298    .ARM.Collect$$libinit$$0000000A  c_p.l(libinit2.o)
    0x0000013e   0x00000000   Code   RO          300    .ARM.Collect$$libinit$$0000000C  c_p.l(libinit2.o)
    0x0000013e   0x00000000   Code   RO          302    .ARM.Collect$$libinit$$0000000E  c_p.l(libinit2.o)
    0x0000013e   0x00000000   Code   RO          305    .ARM.Collect$$libinit$$00000011  c_p.l(libinit2.o)
    0x0000013e   0x00000000   Code   RO          307    .ARM.Collect$$libinit$$00000013  c_p.l(libinit2.o)
    0x0000013e   0x00000000   Code   RO          309    .ARM.Collect$$libinit$$00000015  c_p.l(libinit2.o)
    0x0000013e   0x00000000   Code   RO          311    .ARM.Collect$$libinit$$00000017  c_p.l(libinit2.o)
    0x0000013e   0x00000000   Code   RO          313    .ARM.Collect$$libinit$$00000019  c_p.l(libinit2.o)
    0x0000013e   0x00000000   Code   RO          315    .ARM.Collect$$libinit$$0000001B  c_p.l(libinit2.o)
    0x0000013e   0x00000000   Code   RO          317    .ARM.Collect$$libinit$$0000001D  c_p.l(libinit2.o)
    0x0000013e   0x00000000   Code   RO          319    .ARM.Collect$$libinit$$0000001F  c_p.l(libinit2.o)
    0x0000013e   0x00000000   Code   RO          321    .ARM.Collect$$libinit$$00000021  c_p.l(libinit2.o)
    0x0000013e   0x00000000   Code   RO          323    .ARM.Collect$$libinit$$00000023  c_p.l(libinit2.o)
    0x0000013e   0x00000000   Code   RO          325    .ARM.Collect$$libinit$$00000025  c_p.l(libinit2.o)
    0x0000013e   0x00000000   Code   RO          329    .ARM.Collect$$libinit$$0000002C  c_p.l(libinit2.o)
    0x0000013e   0x00000000   Code   RO          331    .ARM.Collect$$libinit$$0000002E  c_p.l(libinit2.o)
    0x0000013e   0x00000000   Code   RO          333    .ARM.Collect$$libinit$$00000030  c_p.l(libinit2.o)
    0x0000013e   0x00000000   Code   RO          335    .ARM.Collect$$libinit$$00000032  c_p.l(libinit2.o)
    0x0000013e   0x00000002   Code   RO          336    .ARM.Collect$$libinit$$00000033  c_p.l(libinit2.o)
    0x00000140   0x00000002   Code   RO          369    .ARM.Collect$$libshutdown$$00000000  c_p.l(libshutdown.o)
    0x00000142   0x00000000   Code   RO          395    .ARM.Collect$$libshutdown$$00000002  c_p.l(libshutdown2.o)
    0x00000142   0x00000000   Code   RO          397    .ARM.Collect$$libshutdown$$00000004  c_p.l(libshutdown2.o)
    0x00000142   0x00000000   Code   RO          400    .ARM.Collect$$libshutdown$$00000007  c_p.l(libshutdown2.o)
    0x00000142   0x00000000   Code   RO          403    .ARM.Collect$$libshutdown$$0000000A  c_p.l(libshutdown2.o)
    0x00000142   0x00000000   Code   RO          405    .ARM.Collect$$libshutdown$$0000000C  c_p.l(libshutdown2.o)
    0x00000142   0x00000000   Code   RO          408    .ARM.Collect$$libshutdown$$0000000F  c_p.l(libshutdown2.o)
    0x00000142   0x00000002   Code   RO          409    .ARM.Collect$$libshutdown$$00000010  c_p.l(libshutdown2.o)
    0x00000144   0x00000000   Code   RO          202    .ARM.Collect$$rtentry$$00000000  c_p.l(__rtentry.o)
    0x00000144   0x00000000   Code   RO          238    .ARM.Collect$$rtentry$$00000002  c_p.l(__rtentry2.o)
    0x00000144   0x00000006   Code   RO          250    .ARM.Collect$$rtentry$$00000004  c_p.l(__rtentry4.o)
    0x0000014a   0x00000000   Code   RO          240    .ARM.Collect$$rtentry$$00000009  c_p.l(__rtentry2.o)
    0x0000014a   0x00000004   Code   RO          241    .ARM.Collect$$rtentry$$0000000A  c_p.l(__rtentry2.o)
    0x0000014e   0x00000000   Code   RO          243    .ARM.Collect$$rtentry$$0000000C  c_p.l(__rtentry2.o)
    0x0000014e   0x00000008   Code   RO          244    .ARM.Collect$$rtentry$$0000000D  c_p.l(__rtentry2.o)
    0x00000156   0x00000002   Code   RO          284    .ARM.Collect$$rtexit$$00000000  c_p.l(rtexit.o)
    0x00000158   0x00000000   Code   RO          342    .ARM.Collect$$rtexit$$00000002  c_p.l(rtexit2.o)
    0x00000158   0x00000004   Code   RO          343    .ARM.Collect$$rtexit$$00000003  c_p.l(rtexit2.o)
    0x0000015c   0x00000006   Code   RO          344    .ARM.Collect$$rtexit$$00000004  c_p.l(rtexit2.o)
    0x00000162   0x00000002   PAD
    0x00000164   0x00000038   Code   RO          147    .emb_text           c_p.l(rt_memcpy.o)
    0x0000019c   0x00000040   Code   RO          113    .text               startup_mkl25z4.o
    0x000001dc   0x0000015a   Code   RO          151    .text               c_p.l(aeabi_sdiv.o)
    0x00000336   0x00000006   Code   RO          155    .text               c_p.l(heapauxi.o)
    0x0000033c   0x0000006c   Code   RO          164    .text               fz_ps.l(dfixi.o)
    0x000003a8   0x00000048   Code   RO          166    .text               fz_ps.l(dfixui.o)
    0x000003f0   0x00000008   Code   RO          257    .text               c_p.l(rt_errno_addr_intlibspace.o)
    0x000003f8   0x00000008   Code   RO          261    .text               c_p.l(libspace.o)
    0x00000400   0x00000010   Code   RO          112    .ARM.__at_0x400     startup_mkl25z4.o
    0x00000410   0x0000150c   Code   RO            3    .text               blinky.o
    0x0000191c   0x000002c0   Code   RO          121    .text               system_mkl25z4.o
    0x00001bdc   0x00000358   Code   RO          159    .text               fz_ps.l(daddsub.o)
    0x00001f34   0x00000448   Code   RO          161    .text               fz_ps.l(ddiv.o)
    0x0000237c   0x00000058   Code   RO          168    .text               fz_ps.l(dflti.o)
    0x000023d4   0x00000248   Code   RO          170    .text               fz_ps.l(dmul.o)
    0x0000261c   0x00000054   Code   RO          172    .text               fz_ps.l(f2d.o)
    0x00002670   0x0000005e   Code   RO          180    .text               fz_ps.l(fflti.o)
    0x000026ce   0x00000016   Code   RO          207    .text               c_p.l(_rserrno.o)
    0x000026e4   0x00000060   Code   RO          213    .text               fz_ps.l(dscalbn.o)
    0x00002744   0x00000100   Code   RO          215    .text               fz_ps.l(dsqrt.o)
    0x00002844   0x00000090   Code   RO          259    .text               fz_ps.l(dcmpin.o)
    0x000028d4   0x0000003e   Code   RO          264    .text               c_p.l(sys_stackheap_outer.o)
    0x00002912   0x00000010   Code   RO          267    .text               c_p.l(exit.o)
    0x00002922   0x0000002e   Code   RO          279    .text               fz_ps.l(cmpret.o)
    0x00002950   0x00000014   Code   RO          281    .text               fz_ps.l(dnan2.o)
    0x00002964   0x0000005e   Code   RO          337    .text               fz_ps.l(retnan.o)
    0x000029c2   0x00000002   PAD
    0x000029c4   0x0000000c   Code   RO          339    .text               c_p.l(sys_exit.o)
    0x000029d0   0x00000002   Code   RO          358    .text               c_p.l(use_no_semi.o)
    0x000029d2   0x00000000   Code   RO          360    .text               c_p.l(indicate_semi.o)
    0x000029d2   0x0000001c   Code   RO           24    i.__ARM_common_switch8  blinky.o
    0x000029ee   0x00000002   PAD
    0x000029f0   0x0000002c   Code   RO          232    i.__ARM_fpclassify  m_ps.l(fpclassify.o)
    0x00002a1c   0x000000ac   Code   RO          234    i.__kernel_poly     m_ps.l(poly.o)
    0x00002ac8   0x00000014   Code   RO          218    i.__mathlib_dbl_divzero  m_ps.l(dunder.o)
    0x00002adc   0x00000008   Code   RO          220    i.__mathlib_dbl_infnan2  m_ps.l(dunder.o)
    0x00002ae4   0x00000010   Code   RO          221    i.__mathlib_dbl_invalid  m_ps.l(dunder.o)
    0x00002af4   0x00000014   Code   RO          222    i.__mathlib_dbl_overflow  m_ps.l(dunder.o)
    0x00002b08   0x00000014   Code   RO          224    i.__mathlib_dbl_underflow  m_ps.l(dunder.o)
    0x00002b1c   0x000009fc   Code   RO          185    i.pow               m_ps.l(pow.o)
    0x00003518   0x00000048   Code   RO          195    i.sqrt              m_ps.l(sqrt.o)
    0x00003560   0x00000068   Code   RO          211    x$fpl$drleqf        fz_ps.l(drlef.o)
    0x000035c8   0x0000008c   Code   RO          174    x$fpl$fadd          fz_ps.l(faddsub.o)
    0x00003654   0x000000b0   Code   RO          182    x$fpl$fmul          fz_ps.l(fmul.o)
    0x00003704   0x00000018   Code   RO          175    x$fpl$frsb          fz_ps.l(faddsub.o)
    0x0000371c   0x000000d0   Code   RO          176    x$fpl$fsub          fz_ps.l(faddsub.o)
    0x000037ec   0x00000000   Code   RO          217    x$fpl$usenofp       fz_ps.l(usenofp.o)
    0x000037ec   0x000000a0   Data   RO            5    .constdata          blinky.o
    0x0000388c   0x00000080   Data   RO          162    .constdata          fz_ps.l(ddiv.o)
    0x0000390c   0x00000004   PAD
    0x00003910   0x00000088   Data   RO          186    .constdata          m_ps.l(pow.o)
    0x00003998   0x00000008   Data   RO          236    .constdata          m_ps.l(qnan.o)
    0x000039a0   0x00000020   Data   RO          410    Region$$Table       anon$$obj.o


    Execution Region RW_IRAM1 (Base: 0x20000000, Size: 0x00000330, Max: 0x00003000, ABSOLUTE)

    Base Addr    Size         Type   Attr      Idx    E Section Name        Object

    0x20000000   0x0000004a   Data   RW            6    .data               blinky.o
    0x2000004a   0x00000002   PAD
    0x2000004c   0x00000004   Data   RW          122    .data               system_mkl25z4.o
    0x20000050   0x0000017f   Zero   RW            4    .bss                blinky.o
    0x200001cf   0x00000001   PAD
    0x200001d0   0x00000060   Zero   RW          262    .bss                c_p.l(libspace.o)
    0x20000230   0x00000000   Zero   RW          110    HEAP                startup_mkl25z4.o
    0x20000230   0x00000100   Zero   RW          109    STACK               startup_mkl25z4.o


==============================================================================

Image component sizes


      Code (inc. data)   RO Data    RW Data    ZI Data      Debug   Object Name

      5416        276        160         74        383     243981   blinky.o
         0          0          0          0          0       3064   kl25.o
        80         44        192          0        256        864   startup_mkl25z4.o
       704         74          0          4          0       1325   system_mkl25z4.o

    ----------------------------------------------------------------------
      6202        394        384         80        640     249234   Object Totals
         0          0         32          0          0          0   (incl. Generated)
         2          0          0          2          1          0   (incl. Padding)

    ----------------------------------------------------------------------

      Code (inc. data)   RO Data    RW Data    ZI Data      Debug   Library Member Name

         8          0          0          0          0         68   __main.o
         0          0          0          0          0          0   __rtentry.o
        12          0          0          0          0          0   __rtentry2.o
         6          0          0          0          0          0   __rtentry4.o
        60          8          0          0          0          0   __scatter.o
        26          0          0          0          0          0   __scatter_copy.o
        28          0          0          0          0          0   __scatter_zi.o
        22          0          0          0          0         92   _rserrno.o
       346          0          0          0          0         92   aeabi_sdiv.o
        16          0          0          0          0         68   exit.o
         6          0          0          0          0        136   heapauxi.o
         0          0          0          0          0          0   indicate_semi.o
         2          0          0          0          0          0   libinit.o
         2          0          0          0          0          0   libinit2.o
         2          0          0          0          0          0   libshutdown.o
         2          0          0          0          0          0   libshutdown2.o
         8          4          0          0         96         68   libspace.o
         8          4          0          0          0         68   rt_errno_addr_intlibspace.o
        56          0          0          0          0         68   rt_memcpy.o
         2          0          0          0          0          0   rtexit.o
        10          0          0          0          0          0   rtexit2.o
        12          4          0          0          0         60   sys_exit.o
        62          0          0          0          0         80   sys_stackheap_outer.o
         2          0          0          0          0         68   use_no_semi.o
        46          0          0          0          0         60   cmpret.o
       856         20          0          0          0        208   daddsub.o
       144          4          0          0          0         76   dcmpin.o
      1096         26        128          0          0        112   ddiv.o
       108         10          0          0          0         72   dfixi.o
        72          4          0          0          0         68   dfixui.o
        88          0          0          0          0         92   dflti.o
       584         26          0          0          0         84   dmul.o
        20          6          0          0          0         68   dnan2.o
       104          4          0          0          0        104   drlef.o
        96         12          0          0          0         72   dscalbn.o
       256          8          0          0          0         76   dsqrt.o
        84          4          0          0          0         60   f2d.o
       372          8          0          0          0        240   faddsub.o
        94          0          0          0          0         92   fflti.o
       176          4          0          0          0         80   fmul.o
        94          0          0          0          0         68   retnan.o
         0          0          0          0          0          0   usenofp.o
        84         14          0          0          0        340   dunder.o
        44          4          0          0          0         60   fpclassify.o
       172          0          0          0          0         76   poly.o
      2556        196        136          0          0        240   pow.o
         0          0          8          0          0          0   qnan.o
        72          6          0          0          0         76   sqrt.o

    ----------------------------------------------------------------------
      7922        376        276          0         96       3292   Library Totals
         6          0          4          0          0          0   (incl. Padding)

    ----------------------------------------------------------------------

      Code (inc. data)   RO Data    RW Data    ZI Data      Debug   Library Name

       698         20          0          0         96        868   c_p.l
      4290        136        128          0          0       1632   fz_ps.l
      2928        220        144          0          0        792   m_ps.l

    ----------------------------------------------------------------------
      7922        376        276          0         96       3292   Library Totals

    ----------------------------------------------------------------------

==============================================================================


      Code (inc. data)   RO Data    RW Data    ZI Data      Debug   

     14124        770        660         80        736     250786   Grand Totals
     14124        770        660         80        736     250786   ELF Image Totals
     14124        770        660         80          0          0   ROM Totals

==============================================================================

    Total RO  Size (Code + RO Data)                14784 (  14.44kB)
    Total RW  Size (RW Data + ZI Data)               816 (   0.80kB)
    Total ROM Size (Code + RO Data + RW Data)      14864 (  14.52kB)

==============================================================================

